Archive member included to satisfy reference by file (symbol)

c:/program files (x86)/atmel/studio/7.0/toolchain/arm/arm-gnu-toolchain/bin/../lib/gcc/arm-none-eabi/6.3.1/thumb/v6-m\libgcc.a(_udivsi3.o)
                              src/ASF/sam0/drivers/system/clock/clock_samd21_r21_da_ha1/clock.o (__aeabi_uidiv)
c:/program files (x86)/atmel/studio/7.0/toolchain/arm/arm-gnu-toolchain/bin/../lib/gcc/arm-none-eabi/6.3.1/thumb/v6-m\libgcc.a(_dvmd_tls.o)
                              c:/program files (x86)/atmel/studio/7.0/toolchain/arm/arm-gnu-toolchain/bin/../lib/gcc/arm-none-eabi/6.3.1/thumb/v6-m\libgcc.a(_udivsi3.o) (__aeabi_idiv0)
c:/program files (x86)/atmel/studio/7.0/toolchain/arm/arm-gnu-toolchain/bin/../lib/gcc/arm-none-eabi/6.3.1/thumb/v6-m\libgcc.a(_aeabi_uldivmod.o)
                              src/main.o (__aeabi_uldivmod)
c:/program files (x86)/atmel/studio/7.0/toolchain/arm/arm-gnu-toolchain/bin/../lib/gcc/arm-none-eabi/6.3.1/thumb/v6-m\libgcc.a(_muldi3.o)
                              src/main.o (__aeabi_lmul)
c:/program files (x86)/atmel/studio/7.0/toolchain/arm/arm-gnu-toolchain/bin/../lib/gcc/arm-none-eabi/6.3.1/thumb/v6-m\libgcc.a(_udivmoddi4.o)
                              c:/program files (x86)/atmel/studio/7.0/toolchain/arm/arm-gnu-toolchain/bin/../lib/gcc/arm-none-eabi/6.3.1/thumb/v6-m\libgcc.a(_aeabi_uldivmod.o) (__udivmoddi4)
c:/program files (x86)/atmel/studio/7.0/toolchain/arm/arm-gnu-toolchain/bin/../lib/gcc/arm-none-eabi/6.3.1/thumb/v6-m\libgcc.a(_clzdi2.o)
                              c:/program files (x86)/atmel/studio/7.0/toolchain/arm/arm-gnu-toolchain/bin/../lib/gcc/arm-none-eabi/6.3.1/thumb/v6-m\libgcc.a(_udivmoddi4.o) (__clzdi2)
c:/program files (x86)/atmel/studio/7.0/toolchain/arm/arm-gnu-toolchain/bin/../lib/gcc/arm-none-eabi/6.3.1/thumb/v6-m\libgcc.a(_clzsi2.o)
                              c:/program files (x86)/atmel/studio/7.0/toolchain/arm/arm-gnu-toolchain/bin/../lib/gcc/arm-none-eabi/6.3.1/thumb/v6-m\libgcc.a(_clzdi2.o) (__clzsi2)
c:/program files (x86)/atmel/studio/7.0/toolchain/arm/arm-gnu-toolchain/bin/../lib/gcc/arm-none-eabi/6.3.1/../../../../arm-none-eabi/lib/thumb/v6-m\libc_nano.a(lib_a-exit.o)
                              c:/program files (x86)/atmel/studio/7.0/toolchain/arm/arm-gnu-toolchain/bin/../lib/gcc/arm-none-eabi/6.3.1/../../../../arm-none-eabi/lib/thumb/v6-m/crt0.o (exit)
c:/program files (x86)/atmel/studio/7.0/toolchain/arm/arm-gnu-toolchain/bin/../lib/gcc/arm-none-eabi/6.3.1/../../../../arm-none-eabi/lib/thumb/v6-m\libc_nano.a(lib_a-impure.o)
                              c:/program files (x86)/atmel/studio/7.0/toolchain/arm/arm-gnu-toolchain/bin/../lib/gcc/arm-none-eabi/6.3.1/../../../../arm-none-eabi/lib/thumb/v6-m\libc_nano.a(lib_a-exit.o) (_global_impure_ptr)
c:/program files (x86)/atmel/studio/7.0/toolchain/arm/arm-gnu-toolchain/bin/../lib/gcc/arm-none-eabi/6.3.1/../../../../arm-none-eabi/lib/thumb/v6-m\libc_nano.a(lib_a-init.o)
                              c:/program files (x86)/atmel/studio/7.0/toolchain/arm/arm-gnu-toolchain/bin/../lib/gcc/arm-none-eabi/6.3.1/../../../../arm-none-eabi/lib/thumb/v6-m/crt0.o (__libc_init_array)
c:/program files (x86)/atmel/studio/7.0/toolchain/arm/arm-gnu-toolchain/bin/../lib/gcc/arm-none-eabi/6.3.1/../../../../arm-none-eabi/lib/thumb/v6-m\libc_nano.a(lib_a-memset.o)
                              c:/program files (x86)/atmel/studio/7.0/toolchain/arm/arm-gnu-toolchain/bin/../lib/gcc/arm-none-eabi/6.3.1/../../../../arm-none-eabi/lib/thumb/v6-m/crt0.o (memset)

Discarded input sections

 .text          0x00000000        0x0 c:/program files (x86)/atmel/studio/7.0/toolchain/arm/arm-gnu-toolchain/bin/../lib/gcc/arm-none-eabi/6.3.1/thumb/v6-m/crti.o
 .data          0x00000000        0x0 c:/program files (x86)/atmel/studio/7.0/toolchain/arm/arm-gnu-toolchain/bin/../lib/gcc/arm-none-eabi/6.3.1/thumb/v6-m/crti.o
 .bss           0x00000000        0x0 c:/program files (x86)/atmel/studio/7.0/toolchain/arm/arm-gnu-toolchain/bin/../lib/gcc/arm-none-eabi/6.3.1/thumb/v6-m/crti.o
 .data          0x00000000        0x4 c:/program files (x86)/atmel/studio/7.0/toolchain/arm/arm-gnu-toolchain/bin/../lib/gcc/arm-none-eabi/6.3.1/thumb/v6-m/crtbegin.o
 .text          0x00000000       0x78 c:/program files (x86)/atmel/studio/7.0/toolchain/arm/arm-gnu-toolchain/bin/../lib/gcc/arm-none-eabi/6.3.1/../../../../arm-none-eabi/lib/thumb/v6-m/crt0.o
 .data          0x00000000        0x0 c:/program files (x86)/atmel/studio/7.0/toolchain/arm/arm-gnu-toolchain/bin/../lib/gcc/arm-none-eabi/6.3.1/../../../../arm-none-eabi/lib/thumb/v6-m/crt0.o
 .bss           0x00000000        0x0 c:/program files (x86)/atmel/studio/7.0/toolchain/arm/arm-gnu-toolchain/bin/../lib/gcc/arm-none-eabi/6.3.1/../../../../arm-none-eabi/lib/thumb/v6-m/crt0.o
 .ARM.extab     0x00000000        0x0 c:/program files (x86)/atmel/studio/7.0/toolchain/arm/arm-gnu-toolchain/bin/../lib/gcc/arm-none-eabi/6.3.1/../../../../arm-none-eabi/lib/thumb/v6-m/crt0.o
[...]
Memory Configuration

Name             Origin             Length             Attributes
rom              0x00000000         0x00040000         xr
ram              0x20000000         0x00008000         xrw
*default*        0x00000000         0xffffffff

Linker script and memory map

LOAD c:/program files (x86)/atmel/studio/7.0/toolchain/arm/arm-gnu-toolchain/bin/../lib/gcc/arm-none-eabi/6.3.1/thumb/v6-m/crti.o
LOAD c:/program files (x86)/atmel/studio/7.0/toolchain/arm/arm-gnu-toolchain/bin/../lib/gcc/arm-none-eabi/6.3.1/thumb/v6-m/crtbegin.o
LOAD c:/program files (x86)/atmel/studio/7.0/toolchain/arm/arm-gnu-toolchain/bin/../lib/gcc/arm-none-eabi/6.3.1/../../../../arm-none-eabi/lib/thumb/v6-m/crt0.o
LOAD src/Sensor/Sensor.o
LOAD src/ASF/common2/services/delay/sam0/cycle_counter.o
LOAD src/ASF/common/utils/interrupt/interrupt_sam_nvic.o
LOAD src/ASF/sam0/boards/samw25_xplained_pro/board_init.o
LOAD src/ASF/sam0/drivers/port/port.o
LOAD src/ASF/sam0/drivers/system/clock/clock_samd21_r21_da_ha1/clock.o
LOAD src/ASF/sam0/drivers/system/clock/clock_samd21_r21_da_ha1/gclk.o
LOAD src/ASF/sam0/drivers/system/interrupt/system_interrupt.o
LOAD src/ASF/sam0/drivers/system/pinmux/pinmux.o
LOAD src/ASF/sam0/drivers/system/system.o
LOAD src/ASF/sam0/utils/cmsis/samd21/source/gcc/startup_samd21.o
LOAD src/ASF/sam0/utils/cmsis/samd21/source/system_samd21.o
LOAD src/ASF/sam0/utils/syscalls/gcc/syscalls.o
LOAD src/Buzzer/Buzzer.o
LOAD src/main.o
START GROUP
LOAD ../src/ASF/thirdparty/CMSIS/Lib/GCC\libarm_cortexM0l_math.a
LOAD c:/program files (x86)/atmel/studio/7.0/toolchain/arm/arm-gnu-toolchain/bin/../lib/gcc/arm-none-eabi/6.3.1/../../../../arm-none-eabi/lib/thumb/v6-m\libm.a
END GROUP
START GROUP
LOAD c:/program files (x86)/atmel/studio/7.0/toolchain/arm/arm-gnu-toolchain/bin/../lib/gcc/arm-none-eabi/6.3.1/thumb/v6-m\libgcc.a
LOAD c:/program files (x86)/atmel/studio/7.0/toolchain/arm/arm-gnu-toolchain/bin/../lib/gcc/arm-none-eabi/6.3.1/../../../../arm-none-eabi/lib/thumb/v6-m\libc_nano.a
END GROUP
START GROUP
LOAD c:/program files (x86)/atmel/studio/7.0/toolchain/arm/arm-gnu-toolchain/bin/../lib/gcc/arm-none-eabi/6.3.1/thumb/v6-m\libgcc.a
LOAD c:/program files (x86)/atmel/studio/7.0/toolchain/arm/arm-gnu-toolchain/bin/../lib/gcc/arm-none-eabi/6.3.1/../../../../arm-none-eabi/lib/thumb/v6-m\libc_nano.a
END GROUP
LOAD c:/program files (x86)/atmel/studio/7.0/toolchain/arm/arm-gnu-toolchain/bin/../lib/gcc/arm-none-eabi/6.3.1/thumb/v6-m/crtend.o
LOAD c:/program files (x86)/atmel/studio/7.0/toolchain/arm/arm-gnu-toolchain/bin/../lib/gcc/arm-none-eabi/6.3.1/thumb/v6-m/crtn.o
                0x00002000                STACK_SIZE = DEFINED (STACK_SIZE)?STACK_SIZE:DEFINED (__stack_size__)?__stack_size__:0x2000

.text           0x00000000      0xf68
                0x00000000                . = ALIGN (0x4)
                0x00000000                _sfixed = .
 *(.vectors .vectors.*)
 .vectors       0x00000000       0xb4 src/ASF/sam0/utils/cmsis/samd21/source/gcc/startup_samd21.o
                0x00000000                exception_table
 *(.text .text.* .gnu.linkonce.t.*)
 .text          0x000000b4       0x60 c:/program files (x86)/atmel/studio/7.0/toolchain/arm/arm-gnu-toolchain/bin/../lib/gcc/arm-none-eabi/6.3.1/thumb/v6-m/crtbegin.o
 .text.Sensor_Initialize
                0x00000114       0x10 src/Sensor/Sensor.o
                0x00000114                Sensor_Initialize
 .text.cpu_irq_enter_critical
                0x00000124       0x40 src/ASF/common/utils/interrupt/interrupt_sam_nvic.o
                0x00000124                cpu_irq_enter_critical
 .text.cpu_irq_leave_critical
                0x00000164       0x30 src/ASF/common/utils/interrupt/interrupt_sam_nvic.o
                0x00000164                cpu_irq_leave_critical
 .text.system_board_init
                0x00000194       0x38 src/ASF/sam0/boards/samw25_xplained_pro/board_init.o
                0x00000194                board_init
                0x00000194                system_board_init
 .text.port_pin_set_config
                0x000001cc       0x24 src/ASF/sam0/drivers/port/port.o
                0x000001cc                port_pin_set_config
 .text.system_clock_source_get_hz
                0x000001f0       0x94 src/ASF/sam0/drivers/system/clock/clock_samd21_r21_da_ha1/clock.o
                0x000001f0                system_clock_source_get_hz
 .text.system_clock_source_osc8m_set_config
                0x00000284       0x3c src/ASF/sam0/drivers/system/clock/clock_samd21_r21_da_ha1/clock.o
                0x00000284                system_clock_source_osc8m_set_config
 .text.system_clock_source_xosc32k_set_config
                0x000002c0       0xb8 src/ASF/sam0/drivers/system/clock/clock_samd21_r21_da_ha1/clock.o
                0x000002c0                system_clock_source_xosc32k_set_config
 .text.system_clock_source_dfll_set_config
                0x00000378       0x80 src/ASF/sam0/drivers/system/clock/clock_samd21_r21_da_ha1/clock.o
                0x00000378                system_clock_source_dfll_set_config
 .text.system_clock_source_enable
                0x000003f8       0xa8 src/ASF/sam0/drivers/system/clock/clock_samd21_r21_da_ha1/clock.o
                0x000003f8                system_clock_source_enable
 .text.system_clock_init
                0x000004a0      0x160 src/ASF/sam0/drivers/system/clock/clock_samd21_r21_da_ha1/clock.o
                0x000004a0                system_clock_init
 .text.system_gclk_init
                0x00000600       0x24 src/ASF/sam0/drivers/system/clock/clock_samd21_r21_da_ha1/gclk.o
                0x00000600                system_gclk_init
 .text.system_gclk_gen_set_config
                0x00000624       0xb8 src/ASF/sam0/drivers/system/clock/clock_samd21_r21_da_ha1/gclk.o
                0x00000624                system_gclk_gen_set_config
 .text.system_gclk_gen_enable
                0x000006dc       0x44 src/ASF/sam0/drivers/system/clock/clock_samd21_r21_da_ha1/gclk.o
                0x000006dc                system_gclk_gen_enable
 .text.system_gclk_gen_get_hz
                0x00000720       0x8c src/ASF/sam0/drivers/system/clock/clock_samd21_r21_da_ha1/gclk.o
                0x00000720                system_gclk_gen_get_hz
 .text.system_gclk_chan_enable
                0x000007ac       0x30 src/ASF/sam0/drivers/system/clock/clock_samd21_r21_da_ha1/gclk.o
                0x000007ac                system_gclk_chan_enable
 .text.system_gclk_chan_disable
                0x000007dc       0x5c src/ASF/sam0/drivers/system/clock/clock_samd21_r21_da_ha1/gclk.o
                0x000007dc                system_gclk_chan_disable
 .text.system_gclk_chan_set_config
                0x00000838       0x1c src/ASF/sam0/drivers/system/clock/clock_samd21_r21_da_ha1/gclk.o
                0x00000838                system_gclk_chan_set_config
 .text.system_gclk_chan_get_hz
                0x00000854       0x34 src/ASF/sam0/drivers/system/clock/clock_samd21_r21_da_ha1/gclk.o
                0x00000854                system_gclk_chan_get_hz
 .text._system_pinmux_config
                0x00000888       0xa8 src/ASF/sam0/drivers/system/pinmux/pinmux.o
 .text.system_pinmux_pin_set_config
                0x00000930       0x30 src/ASF/sam0/drivers/system/pinmux/pinmux.o
                0x00000930                system_pinmux_pin_set_config
 .text._system_dummy_init
                0x00000960        0x2 src/ASF/sam0/drivers/system/system.o
                0x00000960                _system_extint_init
                0x00000960                _system_events_init
                0x00000960                _system_dummy_init
                0x00000960                _system_divas_init
 *fill*         0x00000962        0x2 
 .text.system_init
                0x00000964       0x2c src/ASF/sam0/drivers/system/system.o
                0x00000964                system_init
 .text.Dummy_Handler
                0x00000990        0x2 src/ASF/sam0/utils/cmsis/samd21/source/gcc/startup_samd21.o
                0x00000990                DMAC_Handler
                0x00000990                HardFault_Handler
                0x00000990                AC_Handler
                0x00000990                SysTick_Handler
                0x00000990                PendSV_Handler
                0x00000990                NMI_Handler
                0x00000990                SERCOM1_Handler
                0x00000990                ADC_Handler
                0x00000990                TCC1_Handler
                0x00000990                SERCOM2_Handler
                0x00000990                TCC0_Handler
                0x00000990                RTC_Handler
                0x00000990                EIC_Handler
                0x00000990                WDT_Handler
                0x00000990                TC4_Handler
                0x00000990                USB_Handler
                0x00000990                TC3_Handler
                0x00000990                Dummy_Handler
                0x00000990                PM_Handler
                0x00000990                SERCOM5_Handler
                0x00000990                SVC_Handler
                0x00000990                TCC2_Handler
                0x00000990                EVSYS_Handler
                0x00000990                SERCOM3_Handler
                0x00000990                SERCOM4_Handler
                0x00000990                I2S_Handler
                0x00000990                NVMCTRL_Handler
                0x00000990                SERCOM0_Handler
                0x00000990                DAC_Handler
                0x00000990                PTC_Handler
                0x00000990                TC5_Handler
                0x00000990                SYSCTRL_Handler
 *fill*         0x00000992        0x2 
 .text.Reset_Handler
                0x00000994       0xe4 src/ASF/sam0/utils/cmsis/samd21/source/gcc/startup_samd21.o
                0x00000994                Reset_Handler
 .text.Buzzer_Initialize
                0x00000a78       0x2c src/Buzzer/Buzzer.o
                0x00000a78                Buzzer_Initialize
 .text.main     0x00000aa4       0x94 src/main.o
                0x00000aa4                main
 .text          0x00000b38      0x114 c:/program files (x86)/atmel/studio/7.0/toolchain/arm/arm-gnu-toolchain/bin/../lib/gcc/arm-none-eabi/6.3.1/thumb/v6-m\libgcc.a(_udivsi3.o)
                0x00000b38                __aeabi_uidiv
                0x00000b38                __udivsi3
                0x00000c44                __aeabi_uidivmod
 .text          0x00000c4c        0x4 c:/program files (x86)/atmel/studio/7.0/toolchain/arm/arm-gnu-toolchain/bin/../lib/gcc/arm-none-eabi/6.3.1/thumb/v6-m\libgcc.a(_dvmd_tls.o)
                0x00000c4c                __aeabi_idiv0
                0x00000c4c                __aeabi_ldiv0
 .text          0x00000c50       0x40 c:/program files (x86)/atmel/studio/7.0/toolchain/arm/arm-gnu-toolchain/bin/../lib/gcc/arm-none-eabi/6.3.1/thumb/v6-m\libgcc.a(_aeabi_uldivmod.o)
                0x00000c50                __aeabi_uldivmod
 .text          0x00000c90       0x54 c:/program files (x86)/atmel/studio/7.0/toolchain/arm/arm-gnu-toolchain/bin/../lib/gcc/arm-none-eabi/6.3.1/thumb/v6-m\libgcc.a(_muldi3.o)
                0x00000c90                __muldi3
                0x00000c90                __aeabi_lmul
 .text          0x00000ce4      0x180 c:/program files (x86)/atmel/studio/7.0/toolchain/arm/arm-gnu-toolchain/bin/../lib/gcc/arm-none-eabi/6.3.1/thumb/v6-m\libgcc.a(_udivmoddi4.o)
                0x00000ce4                __udivmoddi4
 .text          0x00000e64       0x18 c:/program files (x86)/atmel/studio/7.0/toolchain/arm/arm-gnu-toolchain/bin/../lib/gcc/arm-none-eabi/6.3.1/thumb/v6-m\libgcc.a(_clzdi2.o)
                0x00000e64                __clzdi2
 .text          0x00000e7c       0x3c c:/program files (x86)/atmel/studio/7.0/toolchain/arm/arm-gnu-toolchain/bin/../lib/gcc/arm-none-eabi/6.3.1/thumb/v6-m\libgcc.a(_clzsi2.o)
                0x00000e7c                __clzsi2
 .text.__libc_init_array
                0x00000eb8       0x48 c:/program files (x86)/atmel/studio/7.0/toolchain/arm/arm-gnu-toolchain/bin/../lib/gcc/arm-none-eabi/6.3.1/../../../../arm-none-eabi/lib/thumb/v6-m\libc_nano.a(lib_a-init.o)
                0x00000eb8                __libc_init_array
 *(.glue_7t)
 .glue_7t       0x00000f00        0x0 linker stubs
 *(.glue_7)
 .glue_7        0x00000f00        0x0 linker stubs
 *(.rodata .rodata* .gnu.linkonce.r.*)
 .rodata.system_clock_source_get_hz
                0x00000f00       0x24 src/ASF/sam0/drivers/system/clock/clock_samd21_r21_da_ha1/clock.o
 .rodata.system_clock_source_enable
                0x00000f24       0x24 src/ASF/sam0/drivers/system/clock/clock_samd21_r21_da_ha1/clock.o
 *(.ARM.extab* .gnu.linkonce.armextab.*)
                0x00000f48                . = ALIGN (0x4)
 *(.init)
 .init          0x00000f48        0x4 c:/program files (x86)/atmel/studio/7.0/toolchain/arm/arm-gnu-toolchain/bin/../lib/gcc/arm-none-eabi/6.3.1/thumb/v6-m/crti.o
                0x00000f48                _init
 .init          0x00000f4c        0x8 c:/program files (x86)/atmel/studio/7.0/toolchain/arm/arm-gnu-toolchain/bin/../lib/gcc/arm-none-eabi/6.3.1/thumb/v6-m/crtn.o
                0x00000f54                . = ALIGN (0x4)
                0x00000f54                __preinit_array_start = .
 *(.preinit_array)
                0x00000f54                __preinit_array_end = .
                0x00000f54                . = ALIGN (0x4)
                0x00000f54                __init_array_start = .
 *(SORT(.init_array.*))
 *(.init_array)
 .init_array    0x00000f54        0x4 c:/program files (x86)/atmel/studio/7.0/toolchain/arm/arm-gnu-toolchain/bin/../lib/gcc/arm-none-eabi/6.3.1/thumb/v6-m/crtbegin.o
                0x00000f58                __init_array_end = .
                0x00000f58                . = ALIGN (0x4)
 *crtbegin.o(.ctors)
 *(EXCLUDE_FILE(*crtend.o) .ctors)
 *(SORT(.ctors.*))
 *crtend.o(.ctors)
                0x00000f58                . = ALIGN (0x4)
 *(.fini)
 .fini          0x00000f58        0x4 c:/program files (x86)/atmel/studio/7.0/toolchain/arm/arm-gnu-toolchain/bin/../lib/gcc/arm-none-eabi/6.3.1/thumb/v6-m/crti.o
                0x00000f58                _fini
 .fini          0x00000f5c        0x8 c:/program files (x86)/atmel/studio/7.0/toolchain/arm/arm-gnu-toolchain/bin/../lib/gcc/arm-none-eabi/6.3.1/thumb/v6-m/crtn.o
                0x00000f64                . = ALIGN (0x4)
                0x00000f64                __fini_array_start = .
 *(.fini_array)
 .fini_array    0x00000f64        0x4 c:/program files (x86)/atmel/studio/7.0/toolchain/arm/arm-gnu-toolchain/bin/../lib/gcc/arm-none-eabi/6.3.1/thumb/v6-m/crtbegin.o
 *(SORT(.fini_array.*))
                0x00000f68                __fini_array_end = .
 *crtbegin.o(.dtors)
 *(EXCLUDE_FILE(*crtend.o) .dtors)
 *(SORT(.dtors.*))
 *crtend.o(.dtors)
                0x00000f68                . = ALIGN (0x4)
                0x00000f68                _efixed = .
                [!provide]                PROVIDE (__exidx_start, .)

.vfp11_veneer   0x00000f68        0x0
 .vfp11_veneer  0x00000f68        0x0 linker stubs

.v4_bx          0x00000f68        0x0
 .v4_bx         0x00000f68        0x0 linker stubs

.iplt           0x00000f68        0x0
 .iplt          0x00000f68        0x0 c:/program files (x86)/atmel/studio/7.0/toolchain/arm/arm-gnu-toolchain/bin/../lib/gcc/arm-none-eabi/6.3.1/thumb/v6-m/crtbegin.o

.ARM.exidx      0x00000f68        0x8
 *(.ARM.exidx* .gnu.linkonce.armexidx.*)
 .ARM.exidx     0x00000f68        0x8 c:/program files (x86)/atmel/studio/7.0/toolchain/arm/arm-gnu-toolchain/bin/../lib/gcc/arm-none-eabi/6.3.1/thumb/v6-m\libgcc.a(_udivmoddi4.o)
                [!provide]                PROVIDE (__exidx_end, .)

.eh_frame       0x00000f70        0x0
 .eh_frame      0x00000f70        0x0 c:/program files (x86)/atmel/studio/7.0/toolchain/arm/arm-gnu-toolchain/bin/../lib/gcc/arm-none-eabi/6.3.1/thumb/v6-m/crtbegin.o

.rel.dyn        0x00000f70        0x0
 .rel.iplt      0x00000f70        0x0 c:/program files (x86)/atmel/studio/7.0/toolchain/arm/arm-gnu-toolchain/bin/../lib/gcc/arm-none-eabi/6.3.1/thumb/v6-m/crtbegin.o

.jcr            0x00000f70        0x0
 .jcr           0x00000f70        0x0 c:/program files (x86)/atmel/studio/7.0/toolchain/arm/arm-gnu-toolchain/bin/../lib/gcc/arm-none-eabi/6.3.1/thumb/v6-m/crtbegin.o

.igot.plt       0x00000f70        0x0
 .igot.plt      0x00000f70        0x0 c:/program files (x86)/atmel/studio/7.0/toolchain/arm/arm-gnu-toolchain/bin/../lib/gcc/arm-none-eabi/6.3.1/thumb/v6-m/crtbegin.o
                0x00000f70                . = ALIGN (0x4)
                0x00000f70                _etext = .

.relocate       0x20000000       0x10 load address 0x00000f70
                0x20000000                . = ALIGN (0x4)
                0x20000000                _srelocate = .
 *(.ramfunc .ramfunc.*)
 .ramfunc       0x20000000        0xc src/ASF/common2/services/delay/sam0/cycle_counter.o
                0x20000000                portable_delay_cycles
 *(.data .data.*)
 .data.g_interrupt_enabled
                0x2000000c        0x1 src/ASF/common/utils/interrupt/interrupt_sam_nvic.o
                0x2000000c                g_interrupt_enabled
                0x20000010                . = ALIGN (0x4)
 *fill*         0x2000000d        0x3 
                0x20000010                _erelocate = .

.bss            0x20000010       0x3c load address 0x00000f80
                0x20000010                . = ALIGN (0x4)
                0x20000010                _sbss = .
                0x20000010                _szero = .
 *(.bss .bss.*)
 .bss           0x20000010       0x1c c:/program files (x86)/atmel/studio/7.0/toolchain/arm/arm-gnu-toolchain/bin/../lib/gcc/arm-none-eabi/6.3.1/thumb/v6-m/crtbegin.o
 .bss.cpu_irq_critical_section_counter
                0x2000002c        0x4 src/ASF/common/utils/interrupt/interrupt_sam_nvic.o
 .bss.cpu_irq_prev_interrupt_state
                0x20000030        0x1 src/ASF/common/utils/interrupt/interrupt_sam_nvic.o
 *fill*         0x20000031        0x3 
 .bss._system_clock_inst
                0x20000034       0x18 src/ASF/sam0/drivers/system/clock/clock_samd21_r21_da_ha1/clock.o
 *(COMMON)
                0x2000004c                . = ALIGN (0x4)
                0x2000004c                _ebss = .
                0x2000004c                _ezero = .

.stack          0x2000004c     0x2004 load address 0x00000fbc
                0x20000050                . = ALIGN (0x8)
 *fill*         0x2000004c        0x4 
                0x20000050                _sstack = .
                0x20002050                . = (. + STACK_SIZE)
 *fill*         0x20000050     0x2000 
                0x20002050                . = ALIGN (0x8)
                0x20002050                _estack = .
                0x20002050                . = ALIGN (0x4)
                0x20002050                _end = .
OUTPUT(HealthMonitor.elf elf32-littlearm)

.ARM.attributes
                0x00000000       0x28
 .ARM.attributes
                0x00000000       0x1e c:/program files (x86)/atmel/studio/7.0/toolchain/arm/arm-gnu-toolchain/bin/../lib/gcc/arm-none-eabi/6.3.1/thumb/v6-m/crti.o
 .ARM.attributes
                0x0000001e       0x2c c:/program files (x86)/atmel/studio/7.0/toolchain/arm/arm-gnu-toolchain/bin/../lib/gcc/arm-none-eabi/6.3.1/thumb/v6-m/crtbegin.o
 .ARM.attributes
                0x0000004a       0x32 src/Sensor/Sensor.o
 .ARM.attributes
                0x0000007c       0x32 src/ASF/common2/services/delay/sam0/cycle_counter.o
 .ARM.attributes
                0x000000ae       0x32 src/ASF/common/utils/interrupt/interrupt_sam_nvic.o
 .ARM.attributes
                0x000000e0       0x32 src/ASF/sam0/boards/samw25_xplained_pro/board_init.o
 .ARM.attributes
                0x00000112       0x32 src/ASF/sam0/drivers/port/port.o
 .ARM.attributes
                0x00000144       0x32 src/ASF/sam0/drivers/system/clock/clock_samd21_r21_da_ha1/clock.o
 .ARM.attributes
                0x00000176       0x32 src/ASF/sam0/drivers/system/clock/clock_samd21_r21_da_ha1/gclk.o
 .ARM.attributes
                0x000001a8       0x32 src/ASF/sam0/drivers/system/pinmux/pinmux.o
 .ARM.attributes
                0x000001da       0x32 src/ASF/sam0/drivers/system/system.o
 .ARM.attributes
                0x0000020c       0x32 src/ASF/sam0/utils/cmsis/samd21/source/gcc/startup_samd21.o
 .ARM.attributes
                0x0000023e       0x32 src/Buzzer/Buzzer.o
 .ARM.attributes
                0x00000270       0x32 src/main.o
 .ARM.attributes
                0x000002a2       0x1e c:/program files (x86)/atmel/studio/7.0/toolchain/arm/arm-gnu-toolchain/bin/../lib/gcc/arm-none-eabi/6.3.1/thumb/v6-m\libgcc.a(_udivsi3.o)
 .ARM.attributes
                0x000002c0       0x1e c:/program files (x86)/atmel/studio/7.0/toolchain/arm/arm-gnu-toolchain/bin/../lib/gcc/arm-none-eabi/6.3.1/thumb/v6-m\libgcc.a(_dvmd_tls.o)
 .ARM.attributes
                0x000002de       0x1e c:/program files (x86)/atmel/studio/7.0/toolchain/arm/arm-gnu-toolchain/bin/../lib/gcc/arm-none-eabi/6.3.1/thumb/v6-m\libgcc.a(_aeabi_uldivmod.o)
 .ARM.attributes
                0x000002fc       0x2c c:/program files (x86)/atmel/studio/7.0/toolchain/arm/arm-gnu-toolchain/bin/../lib/gcc/arm-none-eabi/6.3.1/thumb/v6-m\libgcc.a(_muldi3.o)
 .ARM.attributes
                0x00000328       0x2c c:/program files (x86)/atmel/studio/7.0/toolchain/arm/arm-gnu-toolchain/bin/../lib/gcc/arm-none-eabi/6.3.1/thumb/v6-m\libgcc.a(_udivmoddi4.o)
 .ARM.attributes
                0x00000354       0x1e c:/program files (x86)/atmel/studio/7.0/toolchain/arm/arm-gnu-toolchain/bin/../lib/gcc/arm-none-eabi/6.3.1/thumb/v6-m\libgcc.a(_clzdi2.o)
 .ARM.attributes
                0x00000372       0x1e c:/program files (x86)/atmel/studio/7.0/toolchain/arm/arm-gnu-toolchain/bin/../lib/gcc/arm-none-eabi/6.3.1/thumb/v6-m\libgcc.a(_clzsi2.o)
 .ARM.attributes
                0x00000390       0x2c c:/program files (x86)/atmel/studio/7.0/toolchain/arm/arm-gnu-toolchain/bin/../lib/gcc/arm-none-eabi/6.3.1/../../../../arm-none-eabi/lib/thumb/v6-m\libc_nano.a(lib_a-init.o)
 .ARM.attributes
                0x000003bc       0x1e c:/program files (x86)/atmel/studio/7.0/toolchain/arm/arm-gnu-toolchain/bin/../lib/gcc/arm-none-eabi/6.3.1/thumb/v6-m/crtn.o

.comment        0x00000000       0x59
 .comment       0x00000000       0x59 src/Sensor/Sensor.o
                                 0x5a (size before relaxing)
 .comment       0x00000059       0x5a src/ASF/common2/services/delay/sam0/cycle_counter.o
 .comment       0x00000059       0x5a src/ASF/common/utils/interrupt/interrupt_sam_nvic.o
 .comment       0x00000059       0x5a src/ASF/sam0/boards/samw25_xplained_pro/board_init.o
 .comment       0x00000059       0x5a src/ASF/sam0/drivers/port/port.o
 .comment       0x00000059       0x5a src/ASF/sam0/drivers/system/clock/clock_samd21_r21_da_ha1/clock.o
 .comment       0x00000059       0x5a src/ASF/sam0/drivers/system/clock/clock_samd21_r21_da_ha1/gclk.o
 .comment       0x00000059       0x5a src/ASF/sam0/drivers/system/pinmux/pinmux.o
 .comment       0x00000059       0x5a src/ASF/sam0/drivers/system/system.o
 .comment       0x00000059       0x5a src/ASF/sam0/utils/cmsis/samd21/source/gcc/startup_samd21.o
 .comment       0x00000059       0x5a src/Buzzer/Buzzer.o
 .comment       0x00000059       0x5a src/main.o

.debug_info     0x00000000    0x11b99
 .debug_info    0x00000000      0xa5f src/Sensor/Sensor.o
 .debug_info    0x00000a5f      0xa64 src/ASF/common2/services/delay/sam0/cycle_counter.o
 .debug_info    0x000014c3      0xb05 src/ASF/common/utils/interrupt/interrupt_sam_nvic.o
 .debug_info    0x00001fc8     0x12ad src/ASF/sam0/boards/samw25_xplained_pro/board_init.o
 .debug_info    0x00003275     0x12b6 src/ASF/sam0/drivers/port/port.o
 .debug_info    0x0000452b     0x39d4 src/ASF/sam0/drivers/system/clock/clock_samd21_r21_da_ha1/clock.o
 .debug_info    0x00007eff     0x1ec7 src/ASF/sam0/drivers/system/clock/clock_samd21_r21_da_ha1/gclk.o
 .debug_info    0x00009dc6     0x13f3 src/ASF/sam0/drivers/system/pinmux/pinmux.o
 .debug_info    0x0000b1b9      0xa73 src/ASF/sam0/drivers/system/system.o
 .debug_info    0x0000bc2c     0x3a3f src/ASF/sam0/utils/cmsis/samd21/source/gcc/startup_samd21.o
 .debug_info    0x0000f66b     0x1297 src/Buzzer/Buzzer.o
 .debug_info    0x00010902     0x1297 src/main.o

.debug_abbrev   0x00000000     0x2158
 .debug_abbrev  0x00000000      0x1df src/Sensor/Sensor.o
 .debug_abbrev  0x000001df      0x1e7 src/ASF/common2/services/delay/sam0/cycle_counter.o
 .debug_abbrev  0x000003c6      0x23b src/ASF/common/utils/interrupt/interrupt_sam_nvic.o
 .debug_abbrev  0x00000601      0x2dc src/ASF/sam0/boards/samw25_xplained_pro/board_init.o
 .debug_abbrev  0x000008dd      0x298 src/ASF/sam0/drivers/port/port.o
 .debug_abbrev  0x00000b75      0x493 src/ASF/sam0/drivers/system/clock/clock_samd21_r21_da_ha1/clock.o
 .debug_abbrev  0x00001008      0x40d src/ASF/sam0/drivers/system/clock/clock_samd21_r21_da_ha1/gclk.o
 .debug_abbrev  0x00001415      0x361 src/ASF/sam0/drivers/system/pinmux/pinmux.o
 .debug_abbrev  0x00001776      0x1e1 src/ASF/sam0/drivers/system/system.o
 .debug_abbrev  0x00001957      0x234 src/ASF/sam0/utils/cmsis/samd21/source/gcc/startup_samd21.o
 .debug_abbrev  0x00001b8b      0x2d1 src/Buzzer/Buzzer.o
 .debug_abbrev  0x00001e5c      0x2fc src/main.o

.debug_loc      0x00000000     0x1b67
 .debug_loc     0x00000000       0x20 src/Sensor/Sensor.o
 .debug_loc     0x00000020       0x8a src/ASF/sam0/boards/samw25_xplained_pro/board_init.o
 .debug_loc     0x000000aa      0x13d src/ASF/sam0/drivers/port/port.o
 .debug_loc     0x000001e7      0xf7d src/ASF/sam0/drivers/system/clock/clock_samd21_r21_da_ha1/clock.o
 .debug_loc     0x00001164      0x504 src/ASF/sam0/drivers/system/clock/clock_samd21_r21_da_ha1/gclk.o
 .debug_loc     0x00001668      0x36d src/ASF/sam0/drivers/system/pinmux/pinmux.o
 .debug_loc     0x000019d5       0x20 src/ASF/sam0/drivers/system/system.o
 .debug_loc     0x000019f5       0x40 src/ASF/sam0/utils/cmsis/samd21/source/gcc/startup_samd21.o
 .debug_loc     0x00001a35       0x8a src/Buzzer/Buzzer.o
 .debug_loc     0x00001abf       0xa8 src/main.o

.debug_aranges  0x00000000      0x280
 .debug_aranges
                0x00000000       0x20 src/Sensor/Sensor.o
 .debug_aranges
                0x00000020       0x28 src/ASF/common2/services/delay/sam0/cycle_counter.o
 .debug_aranges
                0x00000048       0x28 src/ASF/common/utils/interrupt/interrupt_sam_nvic.o
 .debug_aranges
                0x00000070       0x20 src/ASF/sam0/boards/samw25_xplained_pro/board_init.o
 .debug_aranges
                0x00000090       0x28 src/ASF/sam0/drivers/port/port.o
 .debug_aranges
                0x000000b8       0x78 src/ASF/sam0/drivers/system/clock/clock_samd21_r21_da_ha1/clock.o
 .debug_aranges
                0x00000130       0x80 src/ASF/sam0/drivers/system/clock/clock_samd21_r21_da_ha1/gclk.o
 .debug_aranges
                0x000001b0       0x40 src/ASF/sam0/drivers/system/pinmux/pinmux.o
 .debug_aranges
                0x000001f0       0x28 src/ASF/sam0/drivers/system/system.o
 .debug_aranges
                0x00000218       0x28 src/ASF/sam0/utils/cmsis/samd21/source/gcc/startup_samd21.o
 .debug_aranges
                0x00000240       0x20 src/Buzzer/Buzzer.o
 .debug_aranges
                0x00000260       0x20 src/main.o

.debug_ranges   0x00000000      0x1d8
 .debug_ranges  0x00000000       0x10 src/Sensor/Sensor.o
 .debug_ranges  0x00000010       0x18 src/ASF/common2/services/delay/sam0/cycle_counter.o
 .debug_ranges  0x00000028       0x18 src/ASF/common/utils/interrupt/interrupt_sam_nvic.o
 .debug_ranges  0x00000040       0x10 src/ASF/sam0/boards/samw25_xplained_pro/board_init.o
 .debug_ranges  0x00000050       0x18 src/ASF/sam0/drivers/port/port.o
 .debug_ranges  0x00000068       0x68 src/ASF/sam0/drivers/system/clock/clock_samd21_r21_da_ha1/clock.o
 .debug_ranges  0x000000d0       0x88 src/ASF/sam0/drivers/system/clock/clock_samd21_r21_da_ha1/gclk.o
 .debug_ranges  0x00000158       0x30 src/ASF/sam0/drivers/system/pinmux/pinmux.o
 .debug_ranges  0x00000188       0x18 src/ASF/sam0/drivers/system/system.o
 .debug_ranges  0x000001a0       0x18 src/ASF/sam0/utils/cmsis/samd21/source/gcc/startup_samd21.o
 .debug_ranges  0x000001b8       0x10 src/Buzzer/Buzzer.o
 .debug_ranges  0x000001c8       0x10 src/main.o

.debug_macro    0x00000000    0x18245
 .debug_macro   0x00000000      0x5d5 src/Sensor/Sensor.o
 .debug_macro   0x000005d5      0x8b6 src/Sensor/Sensor.o
 .debug_macro   0x00000e8b      0x16d src/Sensor/Sensor.o
 .debug_macro   0x00000ff8      0x71d src/Sensor/Sensor.o
 .debug_macro   0x00001715       0x22 src/Sensor/Sensor.o
 .debug_macro   0x00001737       0x87 src/Sensor/Sensor.o
 .debug_macro   0x000017be       0x51 src/Sensor/Sensor.o
 .debug_macro   0x0000180f       0xef src/Sensor/Sensor.o
 .debug_macro   0x000018fe       0x6a src/Sensor/Sensor.o
 .debug_macro   0x00001968      0x1df src/Sensor/Sensor.o
 .debug_macro   0x00001b47       0x10 src/Sensor/Sensor.o
 .debug_macro   0x00001b57       0x76 src/Sensor/Sensor.o
 .debug_macro   0x00001bcd       0x16 src/Sensor/Sensor.o
 .debug_macro   0x00001be3      0x6db src/Sensor/Sensor.o
 .debug_macro   0x000022be      0xdd8 src/Sensor/Sensor.o
 .debug_macro   0x00003096       0x22 src/Sensor/Sensor.o
 .debug_macro   0x000030b8       0x40 src/Sensor/Sensor.o
 .debug_macro   0x000030f8       0x1c src/Sensor/Sensor.o
 .debug_macro   0x00003114       0x22 src/Sensor/Sensor.o
 .debug_macro   0x00003136       0xb5 src/Sensor/Sensor.o
 .debug_macro   0x000031eb      0x3ad src/Sensor/Sensor.o
 .debug_macro   0x00003598      0x681 src/Sensor/Sensor.o
 .debug_macro   0x00003c19      0x8b5 src/Sensor/Sensor.o
 .debug_macro   0x000044ce      0x230 src/Sensor/Sensor.o
 .debug_macro   0x000046fe      0xd60 src/Sensor/Sensor.o
 .debug_macro   0x0000545e      0x4cb src/Sensor/Sensor.o
 .debug_macro   0x00005929      0x9f8 src/Sensor/Sensor.o
 .debug_macro   0x00006321      0x82b src/Sensor/Sensor.o
 .debug_macro   0x00006b4c      0x455 src/Sensor/Sensor.o
 .debug_macro   0x00006fa1       0x5e src/Sensor/Sensor.o
 .debug_macro   0x00006fff      0x8fd src/Sensor/Sensor.o
 .debug_macro   0x000078fc      0x21c src/Sensor/Sensor.o
 .debug_macro   0x00007b18      0x95b src/Sensor/Sensor.o
 .debug_macro   0x00008473       0x5e src/Sensor/Sensor.o
 .debug_macro   0x000084d1      0x667 src/Sensor/Sensor.o
 .debug_macro   0x00008b38      0x3af src/Sensor/Sensor.o
 .debug_macro   0x00008ee7      0xc7a src/Sensor/Sensor.o
 .debug_macro   0x00009b61     0x1092 src/Sensor/Sensor.o
 .debug_macro   0x0000abf3      0xc4a src/Sensor/Sensor.o
 .debug_macro   0x0000b83d      0x6ba src/Sensor/Sensor.o
 .debug_macro   0x0000bef7     0x1bbf src/Sensor/Sensor.o
 .debug_macro   0x0000dab6     0x1440 src/Sensor/Sensor.o
 .debug_macro   0x0000eef6      0x344 src/Sensor/Sensor.o
 .debug_macro   0x0000f23a       0x7c src/Sensor/Sensor.o
 .debug_macro   0x0000f2b6       0xa0 src/Sensor/Sensor.o
 .debug_macro   0x0000f356       0x4c src/Sensor/Sensor.o
 .debug_macro   0x0000f3a2       0xca src/Sensor/Sensor.o
 .debug_macro   0x0000f46c       0x94 src/Sensor/Sensor.o
 .debug_macro   0x0000f500       0x58 src/Sensor/Sensor.o
 .debug_macro   0x0000f558      0x37d src/Sensor/Sensor.o
 .debug_macro   0x0000f8d5       0x82 src/Sensor/Sensor.o
 .debug_macro   0x0000f957      0x18d src/Sensor/Sensor.o
 .debug_macro   0x0000fae4       0xb8 src/Sensor/Sensor.o
 .debug_macro   0x0000fb9c       0xa0 src/Sensor/Sensor.o
 .debug_macro   0x0000fc3c       0xb8 src/Sensor/Sensor.o
 .debug_macro   0x0000fcf4       0x1c src/Sensor/Sensor.o
 .debug_macro   0x0000fd10       0x1c src/Sensor/Sensor.o
 .debug_macro   0x0000fd2c       0x1c src/Sensor/Sensor.o
 .debug_macro   0x0000fd48       0x82 src/Sensor/Sensor.o
 .debug_macro   0x0000fdca      0x15a src/Sensor/Sensor.o
 .debug_macro   0x0000ff24       0xdc src/Sensor/Sensor.o
 .debug_macro   0x00010000      0x128 src/Sensor/Sensor.o
 .debug_macro   0x00010128      0x128 src/Sensor/Sensor.o
 .debug_macro   0x00010250      0x128 src/Sensor/Sensor.o
 .debug_macro   0x00010378      0x128 src/Sensor/Sensor.o
 .debug_macro   0x000104a0      0x128 src/Sensor/Sensor.o
 .debug_macro   0x000105c8      0x128 src/Sensor/Sensor.o
 .debug_macro   0x000106f0      0x124 src/Sensor/Sensor.o
 .debug_macro   0x00010814       0xe2 src/Sensor/Sensor.o
 .debug_macro   0x000108f6       0xe2 src/Sensor/Sensor.o
 .debug_macro   0x000109d8       0xe2 src/Sensor/Sensor.o
 .debug_macro   0x00010aba      0x130 src/Sensor/Sensor.o
 .debug_macro   0x00010bea      0x106 src/Sensor/Sensor.o
 .debug_macro   0x00010cf0       0xfa src/Sensor/Sensor.o
 .debug_macro   0x00010dea      0x40f src/Sensor/Sensor.o
 .debug_macro   0x000111f9       0x40 src/Sensor/Sensor.o
 .debug_macro   0x00011239      0x361 src/Sensor/Sensor.o
 .debug_macro   0x0001159a     0x16e3 src/Sensor/Sensor.o
 .debug_macro   0x00012c7d       0x6d src/Sensor/Sensor.o
 .debug_macro   0x00012cea       0x58 src/Sensor/Sensor.o
 .debug_macro   0x00012d42       0x35 src/Sensor/Sensor.o
 .debug_macro   0x00012d77       0x9c src/Sensor/Sensor.o
 .debug_macro   0x00012e13       0x16 src/Sensor/Sensor.o
 .debug_macro   0x00012e29       0x35 src/Sensor/Sensor.o
 .debug_macro   0x00012e5e      0x34d src/Sensor/Sensor.o
 .debug_macro   0x000131ab       0x10 src/Sensor/Sensor.o
 .debug_macro   0x000131bb       0x58 src/Sensor/Sensor.o
 .debug_macro   0x00013213       0x1f src/Sensor/Sensor.o
 .debug_macro   0x00013232       0x43 src/Sensor/Sensor.o
 .debug_macro   0x00013275       0x20 src/Sensor/Sensor.o
 .debug_macro   0x00013295      0x187 src/Sensor/Sensor.o
 .debug_macro   0x0001341c       0x10 src/Sensor/Sensor.o
 .debug_macro   0x0001342c       0x1c src/Sensor/Sensor.o
 .debug_macro   0x00013448       0x52 src/Sensor/Sensor.o
 .debug_macro   0x0001349a       0x40 src/Sensor/Sensor.o
 .debug_macro   0x000134da       0x10 src/Sensor/Sensor.o
 .debug_macro   0x000134ea       0x40 src/Sensor/Sensor.o
 .debug_macro   0x0001352a       0xd7 src/Sensor/Sensor.o
 .debug_macro   0x00013601       0x16 src/Sensor/Sensor.o
 .debug_macro   0x00013617      0x18b src/Sensor/Sensor.o
 .debug_macro   0x000137a2       0x16 src/Sensor/Sensor.o
 .debug_macro   0x000137b8       0x16 src/Sensor/Sensor.o
 .debug_macro   0x000137ce       0x29 src/Sensor/Sensor.o
 .debug_macro   0x000137f7       0x51 src/Sensor/Sensor.o
 .debug_macro   0x00013848       0x3e src/Sensor/Sensor.o
 .debug_macro   0x00013886      0x3df src/Sensor/Sensor.o
 .debug_macro   0x00013c65       0x11 src/Sensor/Sensor.o
 .debug_macro   0x00013c76       0x2e src/Sensor/Sensor.o
 .debug_macro   0x00013ca4       0x16 src/Sensor/Sensor.o
 .debug_macro   0x00013cba      0x2df src/Sensor/Sensor.o
 .debug_macro   0x00013f99      0x6ce src/Sensor/Sensor.o
 .debug_macro   0x00014667       0x18 src/Sensor/Sensor.o
 .debug_macro   0x0001467f       0x12 src/Sensor/Sensor.o
 .debug_macro   0x00014691       0x16 src/Sensor/Sensor.o
 .debug_macro   0x000146a7       0x2e src/Sensor/Sensor.o
 .debug_macro   0x000146d5       0x10 src/Sensor/Sensor.o
 .debug_macro   0x000146e5      0x546 src/ASF/common2/services/delay/sam0/cycle_counter.o
 .debug_macro   0x00014c2b      0x50b src/ASF/common/utils/interrupt/interrupt_sam_nvic.o
 .debug_macro   0x00015136      0x547 src/ASF/sam0/boards/samw25_xplained_pro/board_init.o
 .debug_macro   0x0001567d      0x525 src/ASF/sam0/drivers/port/port.o
 .debug_macro   0x00015ba2      0x58a src/ASF/sam0/drivers/system/clock/clock_samd21_r21_da_ha1/clock.o
 .debug_macro   0x0001612c      0x291 src/ASF/sam0/drivers/system/clock/clock_samd21_r21_da_ha1/clock.o
 .debug_macro   0x000163bd      0x541 src/ASF/sam0/drivers/system/clock/clock_samd21_r21_da_ha1/gclk.o
 .debug_macro   0x000168fe      0x51b src/ASF/sam0/drivers/system/pinmux/pinmux.o
 .debug_macro   0x00016e19       0x12 src/ASF/sam0/drivers/system/pinmux/pinmux.o
 .debug_macro   0x00016e2b      0x54e src/ASF/sam0/drivers/system/system.o
 .debug_macro   0x00017379      0x2f2 src/ASF/sam0/utils/cmsis/samd21/source/gcc/startup_samd21.o
 .debug_macro   0x0001766b       0x3a src/ASF/sam0/utils/cmsis/samd21/source/gcc/startup_samd21.o
 .debug_macro   0x000176a5      0x5d5 src/Buzzer/Buzzer.o
 .debug_macro   0x00017c7a      0x5cb src/main.o

.debug_line     0x00000000     0x7b90
 .debug_line    0x00000000      0xbe0 src/Sensor/Sensor.o
 .debug_line    0x00000be0      0x98a src/ASF/common2/services/delay/sam0/cycle_counter.o
 .debug_line    0x0000156a      0x8d3 src/ASF/common/utils/interrupt/interrupt_sam_nvic.o
 .debug_line    0x00001e3d      0x97e src/ASF/sam0/boards/samw25_xplained_pro/board_init.o
 .debug_line    0x000027bb      0x905 src/ASF/sam0/drivers/port/port.o
 .debug_line    0x000030c0      0xcc8 src/ASF/sam0/drivers/system/clock/clock_samd21_r21_da_ha1/clock.o
 .debug_line    0x00003d88      0xc81 src/ASF/sam0/drivers/system/clock/clock_samd21_r21_da_ha1/gclk.o
 .debug_line    0x00004a09      0x952 src/ASF/sam0/drivers/system/pinmux/pinmux.o
 .debug_line    0x0000535b      0x9fc src/ASF/sam0/drivers/system/system.o
 .debug_line    0x00005d57      0x657 src/ASF/sam0/utils/cmsis/samd21/source/gcc/startup_samd21.o
 .debug_line    0x000063ae      0xbf6 src/Buzzer/Buzzer.o
 .debug_line    0x00006fa4      0xbec src/main.o

.debug_str      0x00000000    0x87a07
 .debug_str     0x00000000    0x8319f src/Sensor/Sensor.o
                              0x83a39 (size before relaxing)
 .debug_str     0x0008319f       0x42 src/ASF/common2/services/delay/sam0/cycle_counter.o
                              0x80f6a (size before relaxing)
 .debug_str     0x000831e1       0x94 src/ASF/common/utils/interrupt/interrupt_sam_nvic.o
                              0x80c9b (size before relaxing)
 .debug_str     0x00083275      0x34e src/ASF/sam0/boards/samw25_xplained_pro/board_init.o
                              0x83859 (size before relaxing)
 .debug_str     0x000835c3      0x18d src/ASF/sam0/drivers/port/port.o
                              0x810c7 (size before relaxing)
 .debug_str     0x00083750     0x2f1b src/ASF/sam0/drivers/system/clock/clock_samd21_r21_da_ha1/clock.o
                              0x83ef2 (size before relaxing)
 .debug_str     0x0008666b      0x273 src/ASF/sam0/drivers/system/clock/clock_samd21_r21_da_ha1/gclk.o
                              0x8195e (size before relaxing)
 .debug_str     0x000868de      0x179 src/ASF/sam0/drivers/system/pinmux/pinmux.o
                              0x8113d (size before relaxing)
 .debug_str     0x00086a57       0x47 src/ASF/sam0/drivers/system/system.o
                              0x80d78 (size before relaxing)
 .debug_str     0x00086a9e      0xf39 src/ASF/sam0/utils/cmsis/samd21/source/gcc/startup_samd21.o
                              0x6bd2b (size before relaxing)
 .debug_str     0x000879d7       0x17 src/Buzzer/Buzzer.o
                              0x83d69 (size before relaxing)
 .debug_str     0x000879ee       0x19 src/main.o
                              0x83ca5 (size before relaxing)

.debug_frame    0x00000000      0x5c4
 .debug_frame   0x00000000       0x28 src/Sensor/Sensor.o
 .debug_frame   0x00000028       0x30 src/ASF/common2/services/delay/sam0/cycle_counter.o
 .debug_frame   0x00000058       0x30 src/ASF/common/utils/interrupt/interrupt_sam_nvic.o
 .debug_frame   0x00000088       0x30 src/ASF/sam0/boards/samw25_xplained_pro/board_init.o
 .debug_frame   0x000000b8       0x44 src/ASF/sam0/drivers/port/port.o
 .debug_frame   0x000000fc      0x150 src/ASF/sam0/drivers/system/clock/clock_samd21_r21_da_ha1/clock.o
 .debug_frame   0x0000024c      0x148 src/ASF/sam0/drivers/system/clock/clock_samd21_r21_da_ha1/gclk.o
 .debug_frame   0x00000394       0x98 src/ASF/sam0/drivers/system/pinmux/pinmux.o
 .debug_frame   0x0000042c       0x38 src/ASF/sam0/drivers/system/system.o
 .debug_frame   0x00000464       0x40 src/ASF/sam0/utils/cmsis/samd21/source/gcc/startup_samd21.o
 .debug_frame   0x000004a4       0x28 src/Buzzer/Buzzer.o
 .debug_frame   0x000004cc       0x3c src/main.o
 .debug_frame   0x00000508       0x20 c:/program files (x86)/atmel/studio/7.0/toolchain/arm/arm-gnu-toolchain/bin/../lib/gcc/arm-none-eabi/6.3.1/thumb/v6-m\libgcc.a(_udivsi3.o)
 .debug_frame   0x00000528       0x34 c:/program files (x86)/atmel/studio/7.0/toolchain/arm/arm-gnu-toolchain/bin/../lib/gcc/arm-none-eabi/6.3.1/thumb/v6-m\libgcc.a(_muldi3.o)
 .debug_frame   0x0000055c       0x3c c:/program files (x86)/atmel/studio/7.0/toolchain/arm/arm-gnu-toolchain/bin/../lib/gcc/arm-none-eabi/6.3.1/thumb/v6-m\libgcc.a(_udivmoddi4.o)
 .debug_frame   0x00000598       0x2c c:/program files (x86)/atmel/studio/7.0/toolchain/arm/arm-gnu-toolchain/bin/../lib/gcc/arm-none-eabi/6.3.1/../../../../arm-none-eabi/lib/thumb/v6-m\libc_nano.a(lib_a-init.o)

Cross Reference Table

Symbol                                            File
AC_Handler                                        src/ASF/sam0/utils/cmsis/samd21/source/gcc/startup_samd21.o
ADC_Handler                                       src/ASF/sam0/utils/cmsis/samd21/source/gcc/startup_samd21.o
Buzzer_Initialize                                 src/Buzzer/Buzzer.o
                                                  src/Sensor/Sensor.o
DAC_Handler                                       src/ASF/sam0/utils/cmsis/samd21/source/gcc/startup_samd21.o
DMAC_Handler                                      src/ASF/sam0/utils/cmsis/samd21/source/gcc/startup_samd21.o
Dummy_Handler                                     src/ASF/sam0/utils/cmsis/samd21/source/gcc/startup_samd21.o
EIC_Handler                                       src/ASF/sam0/utils/cmsis/samd21/source/gcc/startup_samd21.o
EVSYS_Handler                                     src/ASF/sam0/utils/cmsis/samd21/source/gcc/startup_samd21.o
HardFault_Handler                                 src/ASF/sam0/utils/cmsis/samd21/source/gcc/startup_samd21.o
I2S_Handler                                       src/ASF/sam0/utils/cmsis/samd21/source/gcc/startup_samd21.o
NMI_Handler                                       src/ASF/sam0/utils/cmsis/samd21/source/gcc/startup_samd21.o
NVMCTRL_Handler                                   src/ASF/sam0/utils/cmsis/samd21/source/gcc/startup_samd21.o
PM_Handler                                        src/ASF/sam0/utils/cmsis/samd21/source/gcc/startup_samd21.o
PTC_Handler                                       src/ASF/sam0/utils/cmsis/samd21/source/gcc/startup_samd21.o
PendSV_Handler                                    src/ASF/sam0/utils/cmsis/samd21/source/gcc/startup_samd21.o
RTC_Handler                                       src/ASF/sam0/utils/cmsis/samd21/source/gcc/startup_samd21.o
Reset_Handler                                     src/ASF/sam0/utils/cmsis/samd21/source/gcc/startup_samd21.o
SERCOM0_Handler                                   src/ASF/sam0/utils/cmsis/samd21/source/gcc/startup_samd21.o
SERCOM1_Handler                                   src/ASF/sam0/utils/cmsis/samd21/source/gcc/startup_samd21.o
SERCOM2_Handler                                   src/ASF/sam0/utils/cmsis/samd21/source/gcc/startup_samd21.o
SERCOM3_Handler                                   src/ASF/sam0/utils/cmsis/samd21/source/gcc/startup_samd21.o
SERCOM4_Handler                                   src/ASF/sam0/utils/cmsis/samd21/source/gcc/startup_samd21.o
SERCOM5_Handler                                   src/ASF/sam0/utils/cmsis/samd21/source/gcc/startup_samd21.o
SVC_Handler                                       src/ASF/sam0/utils/cmsis/samd21/source/gcc/startup_samd21.o
SYSCTRL_Handler                                   src/ASF/sam0/utils/cmsis/samd21/source/gcc/startup_samd21.o
Sensor_Initialize                                 src/Sensor/Sensor.o
                                                  src/main.o
SysTick_Handler                                   src/ASF/sam0/utils/cmsis/samd21/source/gcc/startup_samd21.o
SystemCoreClock                                   src/ASF/sam0/utils/cmsis/samd21/source/system_samd21.o
SystemCoreClockUpdate                             src/ASF/sam0/utils/cmsis/samd21/source/system_samd21.o
SystemInit                                        src/ASF/sam0/utils/cmsis/samd21/source/system_samd21.o
TC3_Handler                                       src/ASF/sam0/utils/cmsis/samd21/source/gcc/startup_samd21.o
TC4_Handler                                       src/ASF/sam0/utils/cmsis/samd21/source/gcc/startup_samd21.o
TC5_Handler                                       src/ASF/sam0/utils/cmsis/samd21/source/gcc/startup_samd21.o
TCC0_Handler                                      src/ASF/sam0/utils/cmsis/samd21/source/gcc/startup_samd21.o
TCC1_Handler                                      src/ASF/sam0/utils/cmsis/samd21/source/gcc/startup_samd21.o
TCC2_Handler                                      src/ASF/sam0/utils/cmsis/samd21/source/gcc/startup_samd21.o
USB_Handler                                       src/ASF/sam0/utils/cmsis/samd21/source/gcc/startup_samd21.o
WDT_Handler                                       src/ASF/sam0/utils/cmsis/samd21/source/gcc/startup_samd21.o
_Jv_RegisterClasses                               c:/program files (x86)/atmel/studio/7.0/toolchain/arm/arm-gnu-toolchain/bin/../lib/gcc/arm-none-eabi/6.3.1/thumb/v6-m/crtbegin.o
__aeabi_idiv0                                     c:/program files (x86)/atmel/studio/7.0/toolchain/arm/arm-gnu-toolchain/bin/../lib/gcc/arm-none-eabi/6.3.1/thumb/v6-m\libgcc.a(_dvmd_tls.o)
                                                  c:/program files (x86)/atmel/studio/7.0/toolchain/arm/arm-gnu-toolchain/bin/../lib/gcc/arm-none-eabi/6.3.1/thumb/v6-m\libgcc.a(_udivsi3.o)
__aeabi_ldiv0                                     c:/program files (x86)/atmel/studio/7.0/toolchain/arm/arm-gnu-toolchain/bin/../lib/gcc/arm-none-eabi/6.3.1/thumb/v6-m\libgcc.a(_dvmd_tls.o)
                                                  c:/program files (x86)/atmel/studio/7.0/toolchain/arm/arm-gnu-toolchain/bin/../lib/gcc/arm-none-eabi/6.3.1/thumb/v6-m\libgcc.a(_aeabi_uldivmod.o)
__aeabi_lmul                                      c:/program files (x86)/atmel/studio/7.0/toolchain/arm/arm-gnu-toolchain/bin/../lib/gcc/arm-none-eabi/6.3.1/thumb/v6-m\libgcc.a(_muldi3.o)
                                                  src/main.o
__aeabi_uidiv                                     c:/program files (x86)/atmel/studio/7.0/toolchain/arm/arm-gnu-toolchain/bin/../lib/gcc/arm-none-eabi/6.3.1/thumb/v6-m\libgcc.a(_udivsi3.o)
                                                  src/ASF/sam0/drivers/system/clock/clock_samd21_r21_da_ha1/gclk.o
                                                  src/ASF/sam0/drivers/system/clock/clock_samd21_r21_da_ha1/clock.o
__aeabi_uidivmod                                  c:/program files (x86)/atmel/studio/7.0/toolchain/arm/arm-gnu-toolchain/bin/../lib/gcc/arm-none-eabi/6.3.1/thumb/v6-m\libgcc.a(_udivsi3.o)
__aeabi_uldivmod                                  c:/program files (x86)/atmel/studio/7.0/toolchain/arm/arm-gnu-toolchain/bin/../lib/gcc/arm-none-eabi/6.3.1/thumb/v6-m\libgcc.a(_aeabi_uldivmod.o)
                                                  src/main.o
__bss_end__                                       c:/program files (x86)/atmel/studio/7.0/toolchain/arm/arm-gnu-toolchain/bin/../lib/gcc/arm-none-eabi/6.3.1/../../../../arm-none-eabi/lib/thumb/v6-m/crt0.o
__bss_start__                                     c:/program files (x86)/atmel/studio/7.0/toolchain/arm/arm-gnu-toolchain/bin/../lib/gcc/arm-none-eabi/6.3.1/../../../../arm-none-eabi/lib/thumb/v6-m/crt0.o
__call_exitprocs                                  c:/program files (x86)/atmel/studio/7.0/toolchain/arm/arm-gnu-toolchain/bin/../lib/gcc/arm-none-eabi/6.3.1/../../../../arm-none-eabi/lib/thumb/v6-m\libc_nano.a(lib_a-exit.o)
__clzdi2                                          c:/program files (x86)/atmel/studio/7.0/toolchain/arm/arm-gnu-toolchain/bin/../lib/gcc/arm-none-eabi/6.3.1/thumb/v6-m\libgcc.a(_clzdi2.o)
                                                  c:/program files (x86)/atmel/studio/7.0/toolchain/arm/arm-gnu-toolchain/bin/../lib/gcc/arm-none-eabi/6.3.1/thumb/v6-m\libgcc.a(_udivmoddi4.o)
__clzsi2                                          c:/program files (x86)/atmel/studio/7.0/toolchain/arm/arm-gnu-toolchain/bin/../lib/gcc/arm-none-eabi/6.3.1/thumb/v6-m\libgcc.a(_clzsi2.o)
                                                  c:/program files (x86)/atmel/studio/7.0/toolchain/arm/arm-gnu-toolchain/bin/../lib/gcc/arm-none-eabi/6.3.1/thumb/v6-m\libgcc.a(_clzdi2.o)
__deregister_frame_info                           c:/program files (x86)/atmel/studio/7.0/toolchain/arm/arm-gnu-toolchain/bin/../lib/gcc/arm-none-eabi/6.3.1/thumb/v6-m/crtbegin.o
__dso_handle                                      c:/program files (x86)/atmel/studio/7.0/toolchain/arm/arm-gnu-toolchain/bin/../lib/gcc/arm-none-eabi/6.3.1/thumb/v6-m/crtbegin.o
__init_array_end                                  c:/program files (x86)/atmel/studio/7.0/toolchain/arm/arm-gnu-toolchain/bin/../lib/gcc/arm-none-eabi/6.3.1/../../../../arm-none-eabi/lib/thumb/v6-m\libc_nano.a(lib_a-init.o)
__init_array_start                                c:/program files (x86)/atmel/studio/7.0/toolchain/arm/arm-gnu-toolchain/bin/../lib/gcc/arm-none-eabi/6.3.1/../../../../arm-none-eabi/lib/thumb/v6-m\libc_nano.a(lib_a-init.o)
__libc_fini_array                                 c:/program files (x86)/atmel/studio/7.0/toolchain/arm/arm-gnu-toolchain/bin/../lib/gcc/arm-none-eabi/6.3.1/../../../../arm-none-eabi/lib/thumb/v6-m/crt0.o
__libc_init_array                                 c:/program files (x86)/atmel/studio/7.0/toolchain/arm/arm-gnu-toolchain/bin/../lib/gcc/arm-none-eabi/6.3.1/../../../../arm-none-eabi/lib/thumb/v6-m\libc_nano.a(lib_a-init.o)
                                                  src/ASF/sam0/utils/cmsis/samd21/source/gcc/startup_samd21.o
                                                  c:/program files (x86)/atmel/studio/7.0/toolchain/arm/arm-gnu-toolchain/bin/../lib/gcc/arm-none-eabi/6.3.1/../../../../arm-none-eabi/lib/thumb/v6-m/crt0.o
__muldi3                                          c:/program files (x86)/atmel/studio/7.0/toolchain/arm/arm-gnu-toolchain/bin/../lib/gcc/arm-none-eabi/6.3.1/thumb/v6-m\libgcc.a(_muldi3.o)
__preinit_array_end                               c:/program files (x86)/atmel/studio/7.0/toolchain/arm/arm-gnu-toolchain/bin/../lib/gcc/arm-none-eabi/6.3.1/../../../../arm-none-eabi/lib/thumb/v6-m\libc_nano.a(lib_a-init.o)
__preinit_array_start                             c:/program files (x86)/atmel/studio/7.0/toolchain/arm/arm-gnu-toolchain/bin/../lib/gcc/arm-none-eabi/6.3.1/../../../../arm-none-eabi/lib/thumb/v6-m\libc_nano.a(lib_a-init.o)
__register_frame_info                             c:/program files (x86)/atmel/studio/7.0/toolchain/arm/arm-gnu-toolchain/bin/../lib/gcc/arm-none-eabi/6.3.1/thumb/v6-m/crtbegin.o
__sf_fake_stderr                                  c:/program files (x86)/atmel/studio/7.0/toolchain/arm/arm-gnu-toolchain/bin/../lib/gcc/arm-none-eabi/6.3.1/../../../../arm-none-eabi/lib/thumb/v6-m\libc_nano.a(lib_a-impure.o)
__sf_fake_stdin                                   c:/program files (x86)/atmel/studio/7.0/toolchain/arm/arm-gnu-toolchain/bin/../lib/gcc/arm-none-eabi/6.3.1/../../../../arm-none-eabi/lib/thumb/v6-m\libc_nano.a(lib_a-impure.o)
__sf_fake_stdout                                  c:/program files (x86)/atmel/studio/7.0/toolchain/arm/arm-gnu-toolchain/bin/../lib/gcc/arm-none-eabi/6.3.1/../../../../arm-none-eabi/lib/thumb/v6-m\libc_nano.a(lib_a-impure.o)
__stack                                           c:/program files (x86)/atmel/studio/7.0/toolchain/arm/arm-gnu-toolchain/bin/../lib/gcc/arm-none-eabi/6.3.1/../../../../arm-none-eabi/lib/thumb/v6-m/crt0.o
__udivmoddi4                                      c:/program files (x86)/atmel/studio/7.0/toolchain/arm/arm-gnu-toolchain/bin/../lib/gcc/arm-none-eabi/6.3.1/thumb/v6-m\libgcc.a(_udivmoddi4.o)
                                                  c:/program files (x86)/atmel/studio/7.0/toolchain/arm/arm-gnu-toolchain/bin/../lib/gcc/arm-none-eabi/6.3.1/thumb/v6-m\libgcc.a(_aeabi_uldivmod.o)
__udivsi3                                         c:/program files (x86)/atmel/studio/7.0/toolchain/arm/arm-gnu-toolchain/bin/../lib/gcc/arm-none-eabi/6.3.1/thumb/v6-m\libgcc.a(_udivsi3.o)
_close                                            src/ASF/sam0/utils/syscalls/gcc/syscalls.o
_end                                              src/ASF/sam0/utils/syscalls/gcc/syscalls.o
_erelocate                                        src/ASF/sam0/utils/cmsis/samd21/source/gcc/startup_samd21.o
_estack                                           src/ASF/sam0/utils/cmsis/samd21/source/gcc/startup_samd21.o
_etext                                            src/ASF/sam0/utils/cmsis/samd21/source/gcc/startup_samd21.o
_exit                                             src/ASF/sam0/utils/syscalls/gcc/syscalls.o
                                                  c:/program files (x86)/atmel/studio/7.0/toolchain/arm/arm-gnu-toolchain/bin/../lib/gcc/arm-none-eabi/6.3.1/../../../../arm-none-eabi/lib/thumb/v6-m\libc_nano.a(lib_a-exit.o)
_ezero                                            src/ASF/sam0/utils/cmsis/samd21/source/gcc/startup_samd21.o
_fini                                             c:/program files (x86)/atmel/studio/7.0/toolchain/arm/arm-gnu-toolchain/bin/../lib/gcc/arm-none-eabi/6.3.1/thumb/v6-m/crti.o
_fstat                                            src/ASF/sam0/utils/syscalls/gcc/syscalls.o
_getpid                                           src/ASF/sam0/utils/syscalls/gcc/syscalls.o
_global_impure_ptr                                c:/program files (x86)/atmel/studio/7.0/toolchain/arm/arm-gnu-toolchain/bin/../lib/gcc/arm-none-eabi/6.3.1/../../../../arm-none-eabi/lib/thumb/v6-m\libc_nano.a(lib_a-impure.o)
                                                  c:/program files (x86)/atmel/studio/7.0/toolchain/arm/arm-gnu-toolchain/bin/../lib/gcc/arm-none-eabi/6.3.1/../../../../arm-none-eabi/lib/thumb/v6-m\libc_nano.a(lib_a-exit.o)
_impure_ptr                                       c:/program files (x86)/atmel/studio/7.0/toolchain/arm/arm-gnu-toolchain/bin/../lib/gcc/arm-none-eabi/6.3.1/../../../../arm-none-eabi/lib/thumb/v6-m\libc_nano.a(lib_a-impure.o)
_init                                             c:/program files (x86)/atmel/studio/7.0/toolchain/arm/arm-gnu-toolchain/bin/../lib/gcc/arm-none-eabi/6.3.1/thumb/v6-m/crti.o
                                                  c:/program files (x86)/atmel/studio/7.0/toolchain/arm/arm-gnu-toolchain/bin/../lib/gcc/arm-none-eabi/6.3.1/../../../../arm-none-eabi/lib/thumb/v6-m\libc_nano.a(lib_a-init.o)
_isatty                                           src/ASF/sam0/utils/syscalls/gcc/syscalls.o
_kill                                             src/ASF/sam0/utils/syscalls/gcc/syscalls.o
_lseek                                            src/ASF/sam0/utils/syscalls/gcc/syscalls.o
_mainCRTStartup                                   c:/program files (x86)/atmel/studio/7.0/toolchain/arm/arm-gnu-toolchain/bin/../lib/gcc/arm-none-eabi/6.3.1/../../../../arm-none-eabi/lib/thumb/v6-m/crt0.o
_sbrk                                             src/ASF/sam0/utils/syscalls/gcc/syscalls.o
_sfixed                                           src/ASF/sam0/utils/cmsis/samd21/source/gcc/startup_samd21.o
_srelocate                                        src/ASF/sam0/utils/cmsis/samd21/source/gcc/startup_samd21.o
_start                                            c:/program files (x86)/atmel/studio/7.0/toolchain/arm/arm-gnu-toolchain/bin/../lib/gcc/arm-none-eabi/6.3.1/../../../../arm-none-eabi/lib/thumb/v6-m/crt0.o
_system_divas_init                                src/ASF/sam0/drivers/system/system.o
_system_dummy_init                                src/ASF/sam0/drivers/system/system.o
_system_events_init                               src/ASF/sam0/drivers/system/system.o
_system_extint_init                               src/ASF/sam0/drivers/system/system.o
_szero                                            src/ASF/sam0/utils/cmsis/samd21/source/gcc/startup_samd21.o
atexit                                            c:/program files (x86)/atmel/studio/7.0/toolchain/arm/arm-gnu-toolchain/bin/../lib/gcc/arm-none-eabi/6.3.1/../../../../arm-none-eabi/lib/thumb/v6-m/crt0.o
board_init                                        src/ASF/sam0/boards/samw25_xplained_pro/board_init.o
cpu_irq_enter_critical                            src/ASF/common/utils/interrupt/interrupt_sam_nvic.o
                                                  src/ASF/sam0/drivers/system/clock/clock_samd21_r21_da_ha1/gclk.o
cpu_irq_leave_critical                            src/ASF/common/utils/interrupt/interrupt_sam_nvic.o
                                                  src/ASF/sam0/drivers/system/clock/clock_samd21_r21_da_ha1/gclk.o
delay_init                                        src/ASF/common2/services/delay/sam0/cycle_counter.o
exception_table                                   src/ASF/sam0/utils/cmsis/samd21/source/gcc/startup_samd21.o
exit                                              c:/program files (x86)/atmel/studio/7.0/toolchain/arm/arm-gnu-toolchain/bin/../lib/gcc/arm-none-eabi/6.3.1/../../../../arm-none-eabi/lib/thumb/v6-m\libc_nano.a(lib_a-exit.o)
                                                  c:/program files (x86)/atmel/studio/7.0/toolchain/arm/arm-gnu-toolchain/bin/../lib/gcc/arm-none-eabi/6.3.1/../../../../arm-none-eabi/lib/thumb/v6-m/crt0.o
g_interrupt_enabled                               src/ASF/common/utils/interrupt/interrupt_sam_nvic.o
hardware_init_hook                                c:/program files (x86)/atmel/studio/7.0/toolchain/arm/arm-gnu-toolchain/bin/../lib/gcc/arm-none-eabi/6.3.1/../../../../arm-none-eabi/lib/thumb/v6-m/crt0.o
link                                              src/ASF/sam0/utils/syscalls/gcc/syscalls.o
main                                              src/main.o
                                                  src/ASF/sam0/utils/cmsis/samd21/source/gcc/startup_samd21.o
                                                  c:/program files (x86)/atmel/studio/7.0/toolchain/arm/arm-gnu-toolchain/bin/../lib/gcc/arm-none-eabi/6.3.1/../../../../arm-none-eabi/lib/thumb/v6-m/crt0.o
memset                                            c:/program files (x86)/atmel/studio/7.0/toolchain/arm/arm-gnu-toolchain/bin/../lib/gcc/arm-none-eabi/6.3.1/../../../../arm-none-eabi/lib/thumb/v6-m\libc_nano.a(lib_a-memset.o)
                                                  c:/program files (x86)/atmel/studio/7.0/toolchain/arm/arm-gnu-toolchain/bin/../lib/gcc/arm-none-eabi/6.3.1/../../../../arm-none-eabi/lib/thumb/v6-m/crt0.o
port_group_set_config                             src/ASF/sam0/drivers/port/port.o
port_pin_set_config                               src/ASF/sam0/drivers/port/port.o
                                                  src/Buzzer/Buzzer.o
                                                  src/ASF/sam0/boards/samw25_xplained_pro/board_init.o
portable_delay_cycles                             src/ASF/common2/services/delay/sam0/cycle_counter.o
                                                  src/main.o
software_init_hook                                c:/program files (x86)/atmel/studio/7.0/toolchain/arm/arm-gnu-toolchain/bin/../lib/gcc/arm-none-eabi/6.3.1/../../../../arm-none-eabi/lib/thumb/v6-m/crt0.o
system_board_init                                 src/ASF/sam0/boards/samw25_xplained_pro/board_init.o
system_clock_init                                 src/ASF/sam0/drivers/system/clock/clock_samd21_r21_da_ha1/clock.o
system_clock_source_dfll_set_config               src/ASF/sam0/drivers/system/clock/clock_samd21_r21_da_ha1/clock.o
system_clock_source_disable                       src/ASF/sam0/drivers/system/clock/clock_samd21_r21_da_ha1/clock.o
system_clock_source_dpll_set_config               src/ASF/sam0/drivers/system/clock/clock_samd21_r21_da_ha1/clock.o
system_clock_source_enable                        src/ASF/sam0/drivers/system/clock/clock_samd21_r21_da_ha1/clock.o
system_clock_source_get_hz                        src/ASF/sam0/drivers/system/clock/clock_samd21_r21_da_ha1/clock.o
                                                  src/ASF/sam0/drivers/system/clock/clock_samd21_r21_da_ha1/gclk.o
system_clock_source_is_ready                      src/ASF/sam0/drivers/system/clock/clock_samd21_r21_da_ha1/clock.o
system_clock_source_osc32k_set_config             src/ASF/sam0/drivers/system/clock/clock_samd21_r21_da_ha1/clock.o
system_clock_source_osc8m_set_config              src/ASF/sam0/drivers/system/clock/clock_samd21_r21_da_ha1/clock.o
system_clock_source_write_calibration             src/ASF/sam0/drivers/system/clock/clock_samd21_r21_da_ha1/clock.o
system_clock_source_xosc32k_set_config            src/ASF/sam0/drivers/system/clock/clock_samd21_r21_da_ha1/clock.o
system_clock_source_xosc_set_config               src/ASF/sam0/drivers/system/clock/clock_samd21_r21_da_ha1/clock.o
system_gclk_chan_disable                          src/ASF/sam0/drivers/system/clock/clock_samd21_r21_da_ha1/gclk.o
system_gclk_chan_enable                           src/ASF/sam0/drivers/system/clock/clock_samd21_r21_da_ha1/gclk.o
                                                  src/ASF/sam0/drivers/system/clock/clock_samd21_r21_da_ha1/clock.o
system_gclk_chan_get_hz                           src/ASF/sam0/drivers/system/clock/clock_samd21_r21_da_ha1/gclk.o
                                                  src/ASF/sam0/drivers/system/clock/clock_samd21_r21_da_ha1/clock.o
system_gclk_chan_is_enabled                       src/ASF/sam0/drivers/system/clock/clock_samd21_r21_da_ha1/gclk.o
system_gclk_chan_is_locked                        src/ASF/sam0/drivers/system/clock/clock_samd21_r21_da_ha1/gclk.o
system_gclk_chan_lock                             src/ASF/sam0/drivers/system/clock/clock_samd21_r21_da_ha1/gclk.o
system_gclk_chan_set_config                       src/ASF/sam0/drivers/system/clock/clock_samd21_r21_da_ha1/gclk.o
                                                  src/ASF/sam0/drivers/system/clock/clock_samd21_r21_da_ha1/clock.o
system_gclk_gen_disable                           src/ASF/sam0/drivers/system/clock/clock_samd21_r21_da_ha1/gclk.o
system_gclk_gen_enable                            src/ASF/sam0/drivers/system/clock/clock_samd21_r21_da_ha1/gclk.o
                                                  src/ASF/sam0/drivers/system/clock/clock_samd21_r21_da_ha1/clock.o
system_gclk_gen_get_hz                            src/ASF/sam0/drivers/system/clock/clock_samd21_r21_da_ha1/gclk.o
                                                  src/main.o
system_gclk_gen_is_enabled                        src/ASF/sam0/drivers/system/clock/clock_samd21_r21_da_ha1/gclk.o
system_gclk_gen_set_config                        src/ASF/sam0/drivers/system/clock/clock_samd21_r21_da_ha1/gclk.o
                                                  src/ASF/sam0/drivers/system/clock/clock_samd21_r21_da_ha1/clock.o
system_gclk_init                                  src/ASF/sam0/drivers/system/clock/clock_samd21_r21_da_ha1/gclk.o
                                                  src/ASF/sam0/drivers/system/clock/clock_samd21_r21_da_ha1/clock.o
system_init                                       src/ASF/sam0/drivers/system/system.o
                                                  src/main.o
system_interrupt_clear_pending                    src/ASF/sam0/drivers/system/interrupt/system_interrupt.o
system_interrupt_get_priority                     src/ASF/sam0/drivers/system/interrupt/system_interrupt.o
system_interrupt_is_pending                       src/ASF/sam0/drivers/system/interrupt/system_interrupt.o
system_interrupt_set_pending                      src/ASF/sam0/drivers/system/interrupt/system_interrupt.o
system_interrupt_set_priority                     src/ASF/sam0/drivers/system/interrupt/system_interrupt.o
system_pinmux_group_set_config                    src/ASF/sam0/drivers/system/pinmux/pinmux.o
                                                  src/ASF/sam0/drivers/port/port.o
system_pinmux_group_set_input_sample_mode         src/ASF/sam0/drivers/system/pinmux/pinmux.o
system_pinmux_group_set_output_strength           src/ASF/sam0/drivers/system/pinmux/pinmux.o
system_pinmux_pin_set_config                      src/ASF/sam0/drivers/system/pinmux/pinmux.o
                                                  src/ASF/sam0/drivers/port/port.o
